
as12, an absolute assembler for Motorola MCU's, version 1.2h

                        ; Those_Were_The_Memories.asm
                        
0080                    Value3   equ     128
                        
1000                             org     $1000
1000 aa                 Value1   db      $AA
1001 26 94              Value2   dw      9876
                        
1020                             org     $1020
1020                    Result1  ds      1
1021                    Result2  ds      2
1023                    Result3  ds      1
                        
2000                             org     $2000
2000 ff 20 00                    lds     $2000
2003 b6 10 00                    ldaa    Value1
2006 7a 10 23                    staa    Result3
2009 c6 80                       ldab    #Value3
200b 7b 10 20                    stab    Result1
200e f6 10 02                    ldab    $1002
2011 b6 10 01                    ldaa    $1001
2014 7c 10 21                    std     Result2
                                 
2017 3f                          swi
                                 end

Executed: Tue Nov 03 16:47:25 2015
Total cycles: 44, Total bytes: 27
Total errors: 0, Total warnings: 0
